[INFO] Scanning for projects...
[INFO] 
[INFO] ------------------------< com.student:foundiit >------------------------
[INFO] Building foundiit 0.0.1-SNAPSHOT
[INFO]   from pom.xml
[INFO] --------------------------------[ jar ]---------------------------------
[INFO] 
[INFO] --- clean:3.4.1:clean (default-clean) @ foundiit ---
[INFO] Deleting D:\foundiit\target
[INFO] 
[INFO] --- resources:3.3.1:resources (default-resources) @ foundiit ---
[INFO] Copying 1 resource from src\main\resources to target\classes
[INFO] Copying 9 resources from src\main\resources to target\classes
[INFO] 
[INFO] --- compiler:3.13.0:compile (default-compile) @ foundiit ---
[INFO] Recompiling the module because of changed source code.
[INFO] Compiling 17 source files with javac [debug parameters release 21] to target\classes
.\mvnw : WARNING: A 
terminally deprecated 
method in 
sun.misc.Unsafe has 
been called
At line:1 char:1
+ .\mvnw clean 
compile > 
build_errors.txt 2>&1
+ ~~~~~~~~~~~~~~~~~~~~
~~~~~~~~~~~~~~~~~~~~~~
~~
    + CategoryInfo    
          : NotSpeci  
  fied: (WARNING: A   
  term...has been     
called:String) []    
, RemoteException
    + FullyQualifiedE 
   rrorId : NativeCo  
  mmandError
 
WARNING: sun.misc.Unsa
fe::objectFieldOffset 
has been called by 
lombok.permit.Permit
WARNING: Please 
consider reporting 
this to the 
maintainers of class 
lombok.permit.Permit
WARNING: sun.misc.Unsa
fe::objectFieldOffset 
will be removed in a 
future release
[INFO] ------------------------------------------------------------------------
[INFO] BUILD FAILURE
[INFO] ------------------------------------------------------------------------
[INFO] Total time:  2.341 s
[INFO] Finished at: 2026-02-27T11:49:32+02:00
[INFO] ------------------------------------------------------------------------
[ERROR] Failed to execute goal org.apache.maven.plugins:maven-compiler-plugin:3.13.0:compile (default-compile) on project foundiit: Fatal error compiling: java.lang.ExceptionInInitializerError: com.sun.tools.javac.code.TypeTag :: UNKNOWN -> [Help 1]
[ERROR] 
[ERROR] To see the full stack trace of the errors, re-run Maven with the -e switch.
[ERROR] Re-run Maven using the -X switch to enable full debug logging.
[ERROR] 
[ERROR] For more information about the errors and possible solutions, please read the following articles:
[ERROR] [Help 1] http://cwiki.apache.org/confluence/display/MAVEN/MojoExecutionException
